[www.web-design-prod.fr/index.html]
[backblue.gif]
[fade.gif]
[index.html]
[wwwwebdesignprodfr517c2.zapwp.com/q_intelligent/r_0/wp_1/w_1/u_https_/www.web-design-prod.fr/wp-content/uploads/2021/04/image-web-design-prod.png]
[www.web-design-prod.fr/feed/index.html]
[www.web-design-prod.fr/comments/feed/index.html]
[www.web-design-prod.fr/wp-content/uploads/2020/08/mc-favicon.png]
[wwwwebdesignprodfr517c2.zapwp.com/m_0/a_https_/www.web-design-prod.fr/wp-includes/css/dist/block-library/style.minb4cf.css]
[wwwwebdesignprodfr517c2.zapwp.com/m_0/a_https_/www.web-design-prod.fr/wp-includes/css/classic-themes.minb4cf.css]
[wwwwebdesignprodfr517c2.zapwp.com/m_0/a_https_/www.web-design-prod.fr/wp-content/uploads/fusion-styles/ccc3aeaab23a64ceac670e9e7bf9d6ef.minb4cf.css]
[wwwwebdesignprodfr517c2.zapwp.com/m_0/a_https_/www.web-design-prod.fr/wp-includes/js/jquery/jquery.mind959.js]
[wwwwebdesignprodfr517c2.zapwp.com/m_0/a_https_/www.web-design-prod.fr/wp-includes/js/jquery/jquery-migrate.mind959.js]
[wwwwebdesignprodfr517c2.zapwp.com/m_0/a_https_/www.web-design-prod.fr/wp-content/plugins/wp-compress-image-optimizer/assets/js/optimizer-adaptive.mind959.js]
[www.web-design-prod.fr/wp-json/wp/v2/pages/2625.json]
[www.web-design-prod.fr/wp-json/index.html]
[www.web-design-prod.fr/wp-json/oembed/1.0/embed7040.json]
[www.web-design-prod.fr/wp-json/oembed/1.0/embed5ab1]
[wwwwebdesignprodfr517c2.zapwp.com/m_0/a_https_/cdnjs.cloudflare.com/ajax/libs/font-awesome/5.15.1/css/all.minb4cf.css]
[wwwwebdesignprodfr517c2.zapwp.com/q_intelligent/r_0/wp_1/w_1/u_https_/www.web-design-prod.fr/wp-content/uploads/2021/10/cropped-favicon-32x32.png]
[wwwwebdesignprodfr517c2.zapwp.com/q_intelligent/r_0/wp_1/w_1/u_https_/www.web-design-prod.fr/wp-content/uploads/2021/10/cropped-favicon-192x192.png]
[wwwwebdesignprodfr517c2.zapwp.com/q_intelligent/r_0/wp_1/w_1/u_https_/www.web-design-prod.fr/wp-content/uploads/2021/10/cropped-favicon-180x180.png]
[wwwwebdesignprodfr517c2.zapwp.com/q_intelligent/r_0/wp_1/w_1/u_https_/www.web-design-prod.fr/wp-content/uploads/2020/08/logo-wdp-color-300x200-1.png]
[wwwwebdesignprodfr517c2.zapwp.com/q_intelligent/r_0/wp_1/w_1/u_https_/www.web-design-prod.fr/wp-content/uploads/2020/08/face-wdp.png]
[wwwwebdesignprodfr517c2.zapwp.com/q_intelligent/r_0/wp_1/w_1/u_https_/www.web-design-prod.fr/wp-content/uploads/2021/03/300x600-optimized-light.jpg]
[www.web-design-prod.fr/nos-realisations/index.html]
[www.web-design-prod.fr/author/webdesignprod/index.html]
[wwwwebdesignprodfr517c2.zapwp.com/q_intelligent/r_0/wp_1/w_1/u_https_/www.web-design-prod.fr/wp-content/uploads/2021/03/300x600-shop.png]
[wwwwebdesignprodfr517c2.zapwp.com/m_0/a_https_/www.web-design-prod.fr/wp-content/plugins/contact-form-7/includes/swv/js/indexd959.js]
[www.web-design-prod.fr/mentions-legales/index.html]
[wwwwebdesignprodfr517c2.zapwp.com/m_0/a_https_/www.web-design-prod.fr/wp-content/plugins/contact-form-7/includes/js/indexd959.js]
[www.web-design-prod.fr/index.html]
[wwwwebdesignprodfr517c2.zapwp.com/index.html]
[wwwwebdesignprodfr517c2.zapwp.com/m_0/a_https_/www.web-design-prod.fr/wp-content/uploads/fusion-scripts/efaa1b991024784023fbc191ef101a4b.mind959.js]
[wwwwebdesignprodfr517c2.zapwp.com/m_0/a_https_/static.axept.io/sdkd959.js]
[www.web-design-prod.fr/wp-json/wp/v2/pages/3688.json]
[www.web-design-prod.fr/wp-json/oembed/1.0/embed7715.json]
[www.web-design-prod.fr/wp-json/oembed/1.0/embedf525]
[wwwwebdesignprodfr517c2.zapwp.com/q_intelligent/r_0/wp_1/w_1/u_https_/www.web-design-prod.fr/wp-content/uploads/2021/04/naturelnet.png]
[wwwwebdesignprodfr517c2.zapwp.com/q_intelligent/r_0/wp_1/w_1/u_https_/www.web-design-prod.fr/wp-content/uploads/2021/04/prismeproduction.png]
[wwwwebdesignprodfr517c2.zapwp.com/q_intelligent/r_0/wp_1/w_1/u_https_/www.web-design-prod.fr/wp-content/uploads/2021/04/previns.png]
[wwwwebdesignprodfr517c2.zapwp.com/q_intelligent/r_0/wp_1/w_1/u_https_/www.web-design-prod.fr/wp-content/uploads/2021/04/petitebeaute.png]
[wwwwebdesignprodfr517c2.zapwp.com/q_intelligent/r_0/wp_1/w_1/u_https_/www.web-design-prod.fr/wp-content/uploads/2021/04/bruniquel.png]
[wwwwebdesignprodfr517c2.zapwp.com/q_intelligent/r_0/wp_1/w_1/u_https_/www.web-design-prod.fr/wp-content/uploads/2021/04/fourmiz.png]
[wwwwebdesignprodfr517c2.zapwp.com/q_intelligent/r_0/wp_1/w_1/u_https_/www.web-design-prod.fr/wp-content/uploads/2021/04/renaultmarans.png]
[wwwwebdesignprodfr517c2.zapwp.com/q_intelligent/r_0/wp_1/w_1/u_https_/www.web-design-prod.fr/wp-content/uploads/2021/04/divanops.png]
[wwwwebdesignprodfr517c2.zapwp.com/q_intelligent/r_0/wp_1/w_1/u_https_/www.web-design-prod.fr/wp-content/uploads/2021/04/jmmt.png]
[wwwwebdesignprodfr517c2.zapwp.com/q_intelligent/r_0/wp_1/w_1/u_https_/www.web-design-prod.fr/wp-content/uploads/2021/04/materieltarnetgaronne.png]
[wwwwebdesignprodfr517c2.zapwp.com/q_intelligent/r_0/wp_1/w_1/u_https_/www.web-design-prod.fr/wp-content/uploads/2021/04/pps.png]
[wwwwebdesignprodfr517c2.zapwp.com/q_intelligent/r_0/wp_1/w_1/u_https_/www.web-design-prod.fr/wp-content/uploads/2021/04/ryser.png]
[wwwwebdesignprodfr517c2.zapwp.com/q_intelligent/r_0/wp_1/w_1/u_https_/www.web-design-prod.fr/wp-content/uploads/2021/04/naturelbio.png]
[wwwwebdesignprodfr517c2.zapwp.com/q_intelligent/r_0/wp_1/w_1/u_https_/www.web-design-prod.fr/wp-content/uploads/2021/04/ectc.png]
[wwwwebdesignprodfr517c2.zapwp.com/q_intelligent/r_0/wp_1/w_1/u_https_/www.web-design-prod.fr/wp-content/uploads/2021/04/naturelblog.png]
[www.web-design-prod.fr/nos-realisations/index.html]
[wwwwebdesignprodfr517c2.zapwp.com/m_0/a_https_/www.web-design-prod.fr/wp-content/uploads/fusion-scripts/8f4fd5161217f5034e99c01db5e24367.mind959.js]
[www.web-design-prod.fr/author/webdesignprod/feed/index.html]
[wwwwebdesignprodfr517c2.zapwp.com/m_0/a_https_/www.web-design-prod.fr/wp-content/uploads/fusion-styles/f86d4389414b7ab0d31c87075ae06feb.minb4cf.css]
[www.web-design-prod.fr/wp-json/wp/v2/users/1.2e.delayed]
[www.web-design-prod.fr/author/webdesignprod/index.html]
[www.web-design-prod.fr/services/creation-site-internet-montauban/index.html]
[www.web-design-prod.fr/mentions-legales/index.html]
[www.web-design-prod.fr/wp-json/wp/v2/users/1.html]
[wwwwebdesignprodfr517c2.zapwp.com/m_0/a_https_/www.web-design-prod.fr/wp-content/uploads/fusion-scripts/b7c57d36d77ab98f395b257b0549be42.mind959.js]
[www.web-design-prod.fr/contact/index.html]
[www.web-design-prod.fr/contact/index.html]
[www.web-design-prod.fr/creation-site-internet-montauban/index.html]
[wwwwebdesignprodfr517c2.zapwp.com/m_0/a_https_/www.web-design-prod.fr/wp-content/uploads/fusion-styles/d531aa844562ae2128d8e79a528edde8.minb4cf.css]
[www.web-design-prod.fr/wp-json/wp/v2/pages/1626.json]
[www.web-design-prod.fr/wp-json/oembed/1.0/embede658.json]
[www.web-design-prod.fr/wp-json/oembed/1.0/embed7442]
[wwwwebdesignprodfr517c2.zapwp.com/q_intelligent/r_0/wp_1/w_1/u_https_/www.web-design-prod.fr/wp-content/uploads/2021/03/paiement-1.png]
[www.web-design-prod.fr/creation-site-internet-montauban/index.html]
[wwwwebdesignprodfr517c2.zapwp.com/q_intelligent/r_0/wp_1/w_1/u_https_/www.web-design-prod.fr/wp-content/uploads/2021/04/image-web-design-prod.png]
[wwwwebdesignprodfr517c2.zapwp.com/index.html]
[www.web-design-prod.fr/feed/index.html]
[www.web-design-prod.fr/wp-content/uploads/2020/08/mc-favicon.html]
[wwwwebdesignprodfr517c2.zapwp.com/m_0/a_https_/www.web-design-prod.fr/wp-includes/js/jquery/jquery-migrate.mind959.js]
[wwwwebdesignprodfr517c2.zapwp.com/m_0/a_https_/www.web-design-prod.fr/wp-includes/css/dist/block-library/style.minb4cf.css]
[wwwwebdesignprodfr517c2.zapwp.com/m_0/a_https_/www.web-design-prod.fr/wp-content/plugins/wp-compress-image-optimizer/assets/js/optimizer-adaptive.mind959.js]
[wwwwebdesignprodfr517c2.zapwp.com/m_0/a_https_/www.web-design-prod.fr/wp-includes/css/classic-themes.minb4cf.css]
[wwwwebdesignprodfr517c2.zapwp.com/m_0/a_https_/www.web-design-prod.fr/wp-includes/js/jquery/jquery.mind959.js]
[www.web-design-prod.fr/wp-json/index.html]
[wwwwebdesignprodfr517c2.zapwp.com/m_0/a_https_/www.web-design-prod.fr/wp-content/uploads/fusion-scripts/e9c4b48602f4bab5813388b683bd24d9.mind959.js]
[www.web-design-prod.fr/wp-json/wp/v2/pages/2625.json]
[wwwwebdesignprodfr517c2.zapwp.com/m_0/a_https_/www.web-design-prod.fr/wp-content/uploads/fusion-icons/Marketing-Bold-v1.0/fonts/Marketing-Bold57b3.svg]
[wwwwebdesignprodfr517c2.zapwp.com/m_0/a_https_/www.web-design-prod.fr/wp-content/themes/Avada/assets/images/patterns/pattern1.png]
[wwwwebdesignprodfr517c2.zapwp.com/m_0/a_https_/www.web-design-prod.fr/wp-content/plugins/contact-form-7/includes/swv/js/indexd959.js]
[wwwwebdesignprodfr517c2.zapwp.com/m_0/a_https_/www.web-design-prod.fr/wp-content/plugins/contact-form-7/includes/js/indexd959.js]
[www.web-design-prod.fr/wp-json/oembed/1.0/embed7040.json]
[www.web-design-prod.fr/wp-json/oembed/1.0/embed5ab1]
[wwwwebdesignprodfr517c2.zapwp.com/m_0/a_https_/www.web-design-prod.fr/wp-content/themes/Avada/includes/lib/assets/fonts/icomoon/icomoon.svg]
[wwwwebdesignprodfr517c2.zapwp.com/m_0/a_https_/www.web-design-prod.fr/wp-content/uploads/fusion-scripts/efaa1b991024784023fbc191ef101a4b.mind959.js]
[wwwwebdesignprodfr517c2.zapwp.com/m_0/a_https_/static.axept.io/sdkd959.js]
[www.web-design-prod.fr/wp-json/wp/v2/pages/3688.json]
[wwwwebdesignprodfr517c2.zapwp.com/m_0/a_https_/www.web-design-prod.fr/wp-content/uploads/fusion-scripts/8f4fd5161217f5034e99c01db5e24367.mind959.js]
[wwwwebdesignprodfr517c2.zapwp.com/m_0/a_https_/www.web-design-prod.fr/wp-content/themes/Avada/includes/lib/assets/fonts/fontawesome/webfonts/fa-brands-400.svg]
[www.web-design-prod.fr/wp-json/oembed/1.0/embed7715.json]
[www.web-design-prod.fr/wp-json/oembed/1.0/embedf525]
[wwwwebdesignprodfr517c2.zapwp.com/m_0/a_https_/www.web-design-prod.fr/wp-content/themes/Avada/includes/lib/assets/fonts/fontawesome/webfonts/fa-regular-400.svg]
[wwwwebdesignprodfr517c2.zapwp.com/m_0/a_https_/www.web-design-prod.fr/wp-content/uploads/fusion-scripts/b7c57d36d77ab98f395b257b0549be42.mind959.js]
[www.web-design-prod.fr/author/webdesignprod/feed/index.html]
[www.web-design-prod.fr/wp-json/wp/v2/pages/1626.json]
[wwwwebdesignprodfr517c2.zapwp.com/m_0/a_https_/www.web-design-prod.fr/wp-content/themes/Avada/includes/lib/assets/fonts/fontawesome/webfonts/fa-solid-900.svg]
[wwwwebdesignprodfr517c2.zapwp.com/m_0/a_https_/www.web-design-prod.fr/wp-content/uploads/fusion-scripts/e9c4b48602f4bab5813388b683bd24d9.mind959.js]
[www.web-design-prod.fr/wp-json/oembed/1.0/embede658.json]
[wwwwebdesignprodfr517c2.zapwp.com/m_0/a_https_/www.web-design-prod.fr/wp-content/plugins/fusion-builder/assets/images/mejs-controls-dark.svg]
[wwwwebdesignprodfr517c2.zapwp.com/m_0/a_https_/www.web-design-prod.fr/wp-content/uploads/fusion-styles/ccc3aeaab23a64ceac670e9e7bf9d6ef.minb4cf.css]
[www.web-design-prod.fr/wp-json/oembed/1.0/embed7442]
[wwwwebdesignprodfr517c2.zapwp.com/m_0/a_https_/cdnjs.cloudflare.com/ajax/libs/font-awesome/5.15.1/webfonts/fa-regular-400.svg]
[wwwwebdesignprodfr517c2.zapwp.com/m_0/a_https_/cdnjs.cloudflare.com/ajax/libs/font-awesome/5.15.1/webfonts/fa-brands-400.svg]
[wwwwebdesignprodfr517c2.zapwp.com/m_0/a_https_/cdnjs.cloudflare.com/ajax/libs/font-awesome/5.15.1/css/all.minb4cf.css]
[www.googletagmanager.com/gtm5445.html]
[wwwwebdesignprodfr517c2.zapwp.com/m_0/a_https_/www.web-design-prod.fr/wp-content/uploads/fusion-styles/f86d4389414b7ab0d31c87075ae06feb.minb4cf.css]
[www.web-design-prod.fr/creation-site-internet-montauban/index.html]
[wwwwebdesignprodfr517c2.zapwp.com/m_0/a_https_/www.web-design-prod.fr/wp-content/uploads/fusion-styles/d531aa844562ae2128d8e79a528edde8.minb4cf.css]
[wwwwebdesignprodfr517c2.zapwp.com/m_0/a_https_/www.web-design-prod.fr/wp-content/uploads/fusion-icons/Marketing-Bold-v1.0/fonts/Marketing-Bold57b3.svg]
[wwwwebdesignprodfr517c2.zapwp.com/m_0/a_https_/www.web-design-prod.fr/wp-content/themes/Avada/includes/lib/assets/fonts/icomoon/icomoon.svg]
[wwwwebdesignprodfr517c2.zapwp.com/m_0/a_https_/www.web-design-prod.fr/wp-content/themes/Avada/includes/lib/assets/fonts/fontawesome/webfonts/fa-brands-400.svg]
[wwwwebdesignprodfr517c2.zapwp.com/m_0/a_https_/www.web-design-prod.fr/wp-content/themes/Avada/includes/lib/assets/fonts/fontawesome/webfonts/fa-regular-400.svg]
[wwwwebdesignprodfr517c2.zapwp.com/m_0/a_https_/www.web-design-prod.fr/wp-content/themes/Avada/includes/lib/assets/fonts/fontawesome/webfonts/fa-solid-900.svg]
[wwwwebdesignprodfr517c2.zapwp.com/m_0/a_https_/www.web-design-prod.fr/wp-content/plugins/fusion-builder/assets/images/mejs-controls-dark.svg]
[www.web-design-prod.fr/wp-content/plugins/fusion-builder/assets/images/iLightbox/closedhand.html]
[wwwwebdesignprodfr517c2.zapwp.com/m_0/a_https_/cdnjs.cloudflare.com/ajax/libs/font-awesome/5.15.1/webfonts/fa-brands-400.svg]
[wwwwebdesignprodfr517c2.zapwp.com/m_0/a_https_/cdnjs.cloudflare.com/ajax/libs/font-awesome/5.15.1/webfonts/fa-regular-400.svg]
[wwwwebdesignprodfr517c2.zapwp.com/m_0/a_https_/cdnjs.cloudflare.com/ajax/libs/font-awesome/5.15.1/webfonts/fa-solid-900.svg]
[wwwwebdesignprodfr517c2.zapwp.com/m_0/a_https_/cdnjs.cloudflare.com/ajax/libs/font-awesome/5.15.1/webfonts/fa-solid-900.svg]
